Copyright 1986-2019 Xilinx, Inc. All Rights Reserved.
----------------------------------------------------------------------------------------------------------------------------------------------
| Tool Version : Vivado v.2019.1 (win64) Build 2552052 Fri May 24 14:49:42 MDT 2019
| Date         : Sun Aug  2 22:23:48 2026
| Host         : DESKTOP-1PC9PDU running 64-bit major release  (build 9200)
| Command      : report_utilization -hierarchical -file C:/Users/dgeda/FPGA/Data_Project/reports/stage8_implementation_utilization_report.rpt
| Design       : data_project_bd_wrapper
| Device       : 7z020clg400-1
| Design State : Routed
----------------------------------------------------------------------------------------------------------------------------------------------

Utilization Design Information

Table of Contents
-----------------
1. Utilization by Hierarchy

1. Utilization by Hierarchy
---------------------------

+-----------------------------------------------------------------------------------+-------------------------------------------------------------------------------------------+------------+------------+---------+------+------+--------+--------+--------------+
|                                      Instance                                     |                                           Module                                          | Total LUTs | Logic LUTs | LUTRAMs | SRLs |  FFs | RAMB36 | RAMB18 | DSP48 Blocks |
+-----------------------------------------------------------------------------------+-------------------------------------------------------------------------------------------+------------+------------+---------+------+------+--------+--------+--------------+
| data_project_bd_wrapper                                                           |                                                                                     (top) |       1746 |       1574 |      40 |  132 | 2293 |      1 |      0 |            0 |
|   (data_project_bd_wrapper)                                                       |                                                                                     (top) |          0 |          0 |       0 |    0 |    0 |      0 |      0 |            0 |
|   data_project_bd_i                                                               |                                                                           data_project_bd |       1746 |       1574 |      40 |  132 | 2293 |      1 |      0 |            0 |
|     (data_project_bd_i)                                                           |                                                                           data_project_bd |          0 |          0 |       0 |    0 |    0 |      0 |      0 |            0 |
|     axi_dma_0                                                                     |                                                               data_project_bd_axi_dma_0_0 |        823 |        763 |       8 |   52 | 1219 |      1 |      0 |            0 |
|       U0                                                                          |                                                       data_project_bd_axi_dma_0_0_axi_dma |        823 |        763 |       8 |   52 | 1219 |      1 |      0 |            0 |
|         (U0)                                                                      |                                                       data_project_bd_axi_dma_0_0_axi_dma |          0 |          0 |       0 |    0 |    0 |      0 |      0 |            0 |
|         INCLUDE_S2MM_SOF_EOF_GENERATOR.I_S2MM_DMA_MNGR                            |                                             data_project_bd_axi_dma_0_0_axi_dma_s2mm_mngr |         26 |         26 |       0 |    0 |   80 |      0 |      0 |            0 |
|           (INCLUDE_S2MM_SOF_EOF_GENERATOR.I_S2MM_DMA_MNGR)                        |                                             data_project_bd_axi_dma_0_0_axi_dma_s2mm_mngr |          0 |          0 |       0 |    0 |    1 |      0 |      0 |            0 |
|           GEN_S2MM_DMA_CONTROL.GEN_SIMPLE_DMA_MODE.I_S2MM_SMPL_SM                 |                                              data_project_bd_axi_dma_0_0_axi_dma_smple_sm |          8 |          8 |       0 |    0 |   53 |      0 |      0 |            0 |
|           GEN_S2MM_DMA_CONTROL.I_S2MM_CMDSTS                                      |                                        data_project_bd_axi_dma_0_0_axi_dma_s2mm_cmdsts_if |         15 |         15 |       0 |    0 |   23 |      0 |      0 |            0 |
|           GEN_S2MM_DMA_CONTROL.I_S2MM_STS_MNGR                                    |                                         data_project_bd_axi_dma_0_0_axi_dma_s2mm_sts_mngr |          3 |          3 |       0 |    0 |    3 |      0 |      0 |            0 |
|         I_AXI_DMA_REG_MODULE                                                      |                                            data_project_bd_axi_dma_0_0_axi_dma_reg_module |         71 |         71 |       0 |    0 |  159 |      0 |      0 |            0 |
|           GEN_AXI_LITE_IF.AXI_LITE_IF_I                                           |                                               data_project_bd_axi_dma_0_0_axi_dma_lite_if |         39 |         39 |       0 |    0 |   81 |      0 |      0 |            0 |
|           GEN_S2MM_REGISTERS.I_S2MM_DMA_REGISTER                                  |                                         data_project_bd_axi_dma_0_0_axi_dma_register_s2mm |         32 |         32 |       0 |    0 |   78 |      0 |      0 |            0 |
|         I_PRMRY_DATAMOVER                                                         |                                                 data_project_bd_axi_dma_0_0_axi_datamover |        717 |        657 |       8 |   52 |  956 |      1 |      0 |            0 |
|           GEN_S2MM_FULL.I_S2MM_FULL_WRAPPER                                       |                                  data_project_bd_axi_dma_0_0_axi_datamover_s2mm_full_wrap |        717 |        657 |       8 |   52 |  956 |      1 |      0 |            0 |
|             ENABLE_AXIS_SKID.I_S2MM_STRM_SKID_BUF                                 |                                        data_project_bd_axi_dma_0_0_axi_datamover_skid_buf |         47 |         47 |       0 |    0 |   80 |      0 |      0 |            0 |
|             GEN_ENABLE_INDET_BTT_SF.I_INDET_BTT                                   |                                       data_project_bd_axi_dma_0_0_axi_datamover_indet_btt |        167 |        159 |       8 |    0 |  193 |      1 |      0 |            0 |
|               (GEN_ENABLE_INDET_BTT_SF.I_INDET_BTT)                               |                                       data_project_bd_axi_dma_0_0_axi_datamover_indet_btt |         10 |         10 |       0 |    0 |   14 |      0 |      0 |            0 |
|               ENABLE_AXIS_SKID.I_INDET_BTT_SKID_BUF                               |                        data_project_bd_axi_dma_0_0_axi_datamover_skid_buf__parameterized0 |         44 |         44 |       0 |    0 |   86 |      0 |      0 |            0 |
|               I_DATA_FIFO                                                         |                    data_project_bd_axi_dma_0_0_axi_datamover_sfifo_autord__parameterized0 |         50 |         50 |       0 |    0 |   39 |      1 |      0 |            0 |
|                 BLK_MEM.I_SYNC_FIFOGEN_FIFO                                       |                                  data_project_bd_axi_dma_0_0_sync_fifo_fg__parameterized0 |         50 |         50 |       0 |    0 |   39 |      1 |      0 |            0 |
|                   (BLK_MEM.I_SYNC_FIFOGEN_FIFO)                                   |                                  data_project_bd_axi_dma_0_0_sync_fifo_fg__parameterized0 |          4 |          4 |       0 |    0 |    0 |      0 |      0 |            0 |
|                   xpm_fifo_instance.xpm_fifo_sync_inst                            |                                 data_project_bd_axi_dma_0_0_xpm_fifo_sync__parameterized1 |         46 |         46 |       0 |    0 |   39 |      1 |      0 |            0 |
|                     xpm_fifo_base_inst                                            |                                 data_project_bd_axi_dma_0_0_xpm_fifo_base__parameterized0 |         46 |         46 |       0 |    0 |   39 |      1 |      0 |            0 |
|                       (xpm_fifo_base_inst)                                        |                                 data_project_bd_axi_dma_0_0_xpm_fifo_base__parameterized0 |          3 |          3 |       0 |    0 |    5 |      0 |      0 |            0 |
|                       gen_sdpram.xpm_memory_base_inst                             |                               data_project_bd_axi_dma_0_0_xpm_memory_base__parameterized0 |          1 |          1 |       0 |    0 |    0 |      1 |      0 |            0 |
|                       rdp_inst                                                    |                              data_project_bd_axi_dma_0_0_xpm_counter_updn__parameterized6 |         11 |         11 |       0 |    0 |    7 |      0 |      0 |            0 |
|                       rdpp1_inst                                                  |                              data_project_bd_axi_dma_0_0_xpm_counter_updn__parameterized7 |         10 |         10 |       0 |    0 |    7 |      0 |      0 |            0 |
|                       rst_d1_inst                                                 |                                            data_project_bd_axi_dma_0_0_xpm_fifo_reg_bit_7 |          3 |          3 |       0 |    0 |    1 |      0 |      0 |            0 |
|                       wrp_inst                                                    |                            data_project_bd_axi_dma_0_0_xpm_counter_updn__parameterized6_8 |         10 |         10 |       0 |    0 |    7 |      0 |      0 |            0 |
|                       wrpp1_inst                                                  |                            data_project_bd_axi_dma_0_0_xpm_counter_updn__parameterized7_9 |          7 |          7 |       0 |    0 |    7 |      0 |      0 |            0 |
|                       xpm_fifo_rst_inst                                           |                                               data_project_bd_axi_dma_0_0_xpm_fifo_rst_10 |          1 |          1 |       0 |    0 |    5 |      0 |      0 |            0 |
|               I_XD_FIFO                                                           |                                    data_project_bd_axi_dma_0_0_axi_datamover_sfifo_autord |         63 |         55 |       8 |    0 |   54 |      0 |      0 |            0 |
|                 NON_BLK_MEM.I_SYNC_FIFOGEN_FIFO                                   |                                                  data_project_bd_axi_dma_0_0_sync_fifo_fg |         63 |         55 |       8 |    0 |   54 |      0 |      0 |            0 |
|                   (NON_BLK_MEM.I_SYNC_FIFOGEN_FIFO)                               |                                                  data_project_bd_axi_dma_0_0_sync_fifo_fg |         16 |         16 |       0 |    0 |    0 |      0 |      0 |            0 |
|                   xpm_fifo_instance.xpm_fifo_sync_inst                            |                                                 data_project_bd_axi_dma_0_0_xpm_fifo_sync |         47 |         39 |       8 |    0 |   54 |      0 |      0 |            0 |
|                     xpm_fifo_base_inst                                            |                                                 data_project_bd_axi_dma_0_0_xpm_fifo_base |         47 |         39 |       8 |    0 |   54 |      0 |      0 |            0 |
|                       (xpm_fifo_base_inst)                                        |                                                 data_project_bd_axi_dma_0_0_xpm_fifo_base |          4 |          4 |       0 |    0 |   10 |      0 |      0 |            0 |
|                       gen_fwft.rdpp1_inst                                         |                              data_project_bd_axi_dma_0_0_xpm_counter_updn__parameterized1 |          7 |          7 |       0 |    0 |    2 |      0 |      0 |            0 |
|                       gen_sdpram.xpm_memory_base_inst                             |                                               data_project_bd_axi_dma_0_0_xpm_memory_base |          8 |          0 |       8 |    0 |   18 |      0 |      0 |            0 |
|                       rdp_inst                                                    |                              data_project_bd_axi_dma_0_0_xpm_counter_updn__parameterized2 |          8 |          8 |       0 |    0 |    5 |      0 |      0 |            0 |
|                       rdpp1_inst                                                  |                              data_project_bd_axi_dma_0_0_xpm_counter_updn__parameterized3 |          5 |          5 |       0 |    0 |    4 |      0 |      0 |            0 |
|                       rst_d1_inst                                                 |                                              data_project_bd_axi_dma_0_0_xpm_fifo_reg_bit |          3 |          3 |       0 |    0 |    1 |      0 |      0 |            0 |
|                       wrp_inst                                                    |                            data_project_bd_axi_dma_0_0_xpm_counter_updn__parameterized2_4 |          9 |          9 |       0 |    0 |    5 |      0 |      0 |            0 |
|                       wrpp1_inst                                                  |                            data_project_bd_axi_dma_0_0_xpm_counter_updn__parameterized3_5 |          3 |          3 |       0 |    0 |    4 |      0 |      0 |            0 |
|                       xpm_fifo_rst_inst                                           |                                                  data_project_bd_axi_dma_0_0_xpm_fifo_rst |          1 |          1 |       0 |    0 |    5 |      0 |      0 |            0 |
|             GEN_INCLUDE_IBTTCC.I_S2MM_MSTR_IBTTCC                                 |                                          data_project_bd_axi_dma_0_0_axi_datamover_ibttcc |        123 |        123 |       0 |    0 |  216 |      0 |      0 |            0 |
|             GEN_INCLUDE_REALIGNER.I_S2MM_REALIGNER                                |                                    data_project_bd_axi_dma_0_0_axi_datamover_s2mm_realign |        179 |        165 |       0 |   14 |  165 |      0 |      0 |            0 |
|               (GEN_INCLUDE_REALIGNER.I_S2MM_REALIGNER)                            |                                    data_project_bd_axi_dma_0_0_axi_datamover_s2mm_realign |          0 |          0 |       0 |    0 |    7 |      0 |      0 |            0 |
|               GEN_INCLUDE_SCATTER.I_S2MM_SCATTER                                  |                                    data_project_bd_axi_dma_0_0_axi_datamover_s2mm_scatter |        156 |        151 |       0 |    5 |  152 |      0 |      0 |            0 |
|                 (GEN_INCLUDE_SCATTER.I_S2MM_SCATTER)                              |                                    data_project_bd_axi_dma_0_0_axi_datamover_s2mm_scatter |         41 |         41 |       0 |    0 |   47 |      0 |      0 |            0 |
|                 I_MSSAI_SKID_BUF                                                  |                                  data_project_bd_axi_dma_0_0_axi_datamover_mssai_skid_buf |         62 |         62 |       0 |    0 |   83 |      0 |      0 |            0 |
|                 I_TSTRB_FIFO                                                      |                            data_project_bd_axi_dma_0_0_axi_datamover_fifo__parameterized4 |         30 |         25 |       0 |    5 |   10 |      0 |      0 |            0 |
|                   (I_TSTRB_FIFO)                                                  |                            data_project_bd_axi_dma_0_0_axi_datamover_fifo__parameterized4 |          2 |          2 |       0 |    0 |    4 |      0 |      0 |            0 |
|                   USE_SRL_FIFO.I_SYNC_FIFO                                        |                                    data_project_bd_axi_dma_0_0_srl_fifo_f__parameterized2 |         28 |         23 |       0 |    5 |    6 |      0 |      0 |            0 |
|                     I_SRL_FIFO_RBU_F                                              |                                data_project_bd_axi_dma_0_0_srl_fifo_rbu_f__parameterized2 |         28 |         23 |       0 |    5 |    6 |      0 |      0 |            0 |
|                       (I_SRL_FIFO_RBU_F)                                          |                                data_project_bd_axi_dma_0_0_srl_fifo_rbu_f__parameterized2 |          0 |          0 |       0 |    0 |    1 |      0 |      0 |            0 |
|                       CNTR_INCR_DECR_ADDN_F_I                                     |                         data_project_bd_axi_dma_0_0_cntr_incr_decr_addn_f__parameterized1 |         15 |         15 |       0 |    0 |    5 |      0 |      0 |            0 |
|                       DYNSHREG_F_I                                                |                                    data_project_bd_axi_dma_0_0_dynshreg_f__parameterized2 |         13 |          8 |       0 |    5 |    0 |      0 |      0 |            0 |
|                 SLICE_INSERTION                                                   |                                           data_project_bd_axi_dma_0_0_axi_datamover_slice |         24 |         24 |       0 |    0 |   12 |      0 |      0 |            0 |
|               I_DRE_CNTL_FIFO                                                     |                            data_project_bd_axi_dma_0_0_axi_datamover_fifo__parameterized3 |         23 |         14 |       0 |    9 |    6 |      0 |      0 |            0 |
|                 (I_DRE_CNTL_FIFO)                                                 |                            data_project_bd_axi_dma_0_0_axi_datamover_fifo__parameterized3 |          1 |          1 |       0 |    0 |    2 |      0 |      0 |            0 |
|                 USE_SRL_FIFO.I_SYNC_FIFO                                          |                                    data_project_bd_axi_dma_0_0_srl_fifo_f__parameterized1 |         22 |         13 |       0 |    9 |    4 |      0 |      0 |            0 |
|                   I_SRL_FIFO_RBU_F                                                |                                data_project_bd_axi_dma_0_0_srl_fifo_rbu_f__parameterized1 |         22 |         13 |       0 |    9 |    4 |      0 |      0 |            0 |
|                     (I_SRL_FIFO_RBU_F)                                            |                                data_project_bd_axi_dma_0_0_srl_fifo_rbu_f__parameterized1 |          0 |          0 |       0 |    0 |    1 |      0 |      0 |            0 |
|                     CNTR_INCR_DECR_ADDN_F_I                                       |                       data_project_bd_axi_dma_0_0_cntr_incr_decr_addn_f__parameterized0_3 |          7 |          7 |       0 |    0 |    3 |      0 |      0 |            0 |
|                     DYNSHREG_F_I                                                  |                                    data_project_bd_axi_dma_0_0_dynshreg_f__parameterized1 |         15 |          6 |       0 |    9 |    0 |      0 |      0 |            0 |
|             I_ADDR_CNTL                                                           |                                       data_project_bd_axi_dma_0_0_axi_datamover_addr_cntl |         31 |         11 |       0 |   20 |   50 |      0 |      0 |            0 |
|               (I_ADDR_CNTL)                                                       |                                       data_project_bd_axi_dma_0_0_axi_datamover_addr_cntl |          2 |          2 |       0 |    0 |   44 |      0 |      0 |            0 |
|               GEN_ADDR_FIFO.I_ADDR_QUAL_FIFO                                      |                            data_project_bd_axi_dma_0_0_axi_datamover_fifo__parameterized5 |         29 |          9 |       0 |   20 |    6 |      0 |      0 |            0 |
|                 (GEN_ADDR_FIFO.I_ADDR_QUAL_FIFO)                                  |                            data_project_bd_axi_dma_0_0_axi_datamover_fifo__parameterized5 |          1 |          1 |       0 |    0 |    2 |      0 |      0 |            0 |
|                 USE_SRL_FIFO.I_SYNC_FIFO                                          |                                    data_project_bd_axi_dma_0_0_srl_fifo_f__parameterized3 |         28 |          8 |       0 |   20 |    4 |      0 |      0 |            0 |
|                   I_SRL_FIFO_RBU_F                                                |                                data_project_bd_axi_dma_0_0_srl_fifo_rbu_f__parameterized3 |         28 |          8 |       0 |   20 |    4 |      0 |      0 |            0 |
|                     (I_SRL_FIFO_RBU_F)                                            |                                data_project_bd_axi_dma_0_0_srl_fifo_rbu_f__parameterized3 |          1 |          1 |       0 |    0 |    1 |      0 |      0 |            0 |
|                     CNTR_INCR_DECR_ADDN_F_I                                       |                       data_project_bd_axi_dma_0_0_cntr_incr_decr_addn_f__parameterized0_2 |          5 |          5 |       0 |    0 |    3 |      0 |      0 |            0 |
|                     DYNSHREG_F_I                                                  |                                    data_project_bd_axi_dma_0_0_dynshreg_f__parameterized3 |         22 |          2 |       0 |   20 |    0 |      0 |      0 |            0 |
|             I_CMD_STATUS                                                          |                                      data_project_bd_axi_dma_0_0_axi_datamover_cmd_status |         19 |         19 |       0 |    0 |   74 |      0 |      0 |            0 |
|               GEN_INCLUDE_STATUS_FIFO.I_STS_FIFO                                  |                            data_project_bd_axi_dma_0_0_axi_datamover_fifo__parameterized0 |         14 |         14 |       0 |    0 |   22 |      0 |      0 |            0 |
|               I_CMD_FIFO                                                          |                                            data_project_bd_axi_dma_0_0_axi_datamover_fifo |          5 |          5 |       0 |    0 |   52 |      0 |      0 |            0 |
|             I_RESET                                                               |                                           data_project_bd_axi_dma_0_0_axi_datamover_reset |          5 |          5 |       0 |    0 |    3 |      0 |      0 |            0 |
|             I_S2MM_MMAP_SKID_BUF                                                  |                                     data_project_bd_axi_dma_0_0_axi_datamover_skid2mm_buf |         39 |         39 |       0 |    0 |   76 |      0 |      0 |            0 |
|             I_WR_DATA_CNTL                                                        |                                     data_project_bd_axi_dma_0_0_axi_datamover_wrdata_cntl |         68 |         61 |       0 |    7 |   53 |      0 |      0 |            0 |
|               (I_WR_DATA_CNTL)                                                    |                                     data_project_bd_axi_dma_0_0_axi_datamover_wrdata_cntl |         38 |         38 |       0 |    0 |   47 |      0 |      0 |            0 |
|               GEN_DATA_CNTL_FIFO.I_DATA_CNTL_FIFO                                 |                            data_project_bd_axi_dma_0_0_axi_datamover_fifo__parameterized6 |         30 |         23 |       0 |    7 |    6 |      0 |      0 |            0 |
|                 (GEN_DATA_CNTL_FIFO.I_DATA_CNTL_FIFO)                             |                            data_project_bd_axi_dma_0_0_axi_datamover_fifo__parameterized6 |          1 |          1 |       0 |    0 |    2 |      0 |      0 |            0 |
|                 USE_SRL_FIFO.I_SYNC_FIFO                                          |                                    data_project_bd_axi_dma_0_0_srl_fifo_f__parameterized4 |         29 |         22 |       0 |    7 |    4 |      0 |      0 |            0 |
|                   I_SRL_FIFO_RBU_F                                                |                                data_project_bd_axi_dma_0_0_srl_fifo_rbu_f__parameterized4 |         29 |         22 |       0 |    7 |    4 |      0 |      0 |            0 |
|                     (I_SRL_FIFO_RBU_F)                                            |                                data_project_bd_axi_dma_0_0_srl_fifo_rbu_f__parameterized4 |          0 |          0 |       0 |    0 |    1 |      0 |      0 |            0 |
|                     CNTR_INCR_DECR_ADDN_F_I                                       |                         data_project_bd_axi_dma_0_0_cntr_incr_decr_addn_f__parameterized0 |         15 |         15 |       0 |    0 |    3 |      0 |      0 |            0 |
|                     DYNSHREG_F_I                                                  |                                    data_project_bd_axi_dma_0_0_dynshreg_f__parameterized4 |         14 |          7 |       0 |    7 |    0 |      0 |      0 |            0 |
|             I_WR_STATUS_CNTLR                                                     |                                  data_project_bd_axi_dma_0_0_axi_datamover_wr_status_cntl |         46 |         35 |       0 |   11 |   46 |      0 |      0 |            0 |
|               (I_WR_STATUS_CNTLR)                                                 |                                  data_project_bd_axi_dma_0_0_axi_datamover_wr_status_cntl |          6 |          6 |       0 |    0 |   32 |      0 |      0 |            0 |
|               GEN_ENABLE_INDET_BTT.I_SF_DATA_CNTL_STATUS_FIFO                     |                            data_project_bd_axi_dma_0_0_axi_datamover_fifo__parameterized2 |         23 |         14 |       0 |    9 |    7 |      0 |      0 |            0 |
|                 (GEN_ENABLE_INDET_BTT.I_SF_DATA_CNTL_STATUS_FIFO)                 |                            data_project_bd_axi_dma_0_0_axi_datamover_fifo__parameterized2 |          1 |          1 |       0 |    0 |    2 |      0 |      0 |            0 |
|                 USE_SRL_FIFO.I_SYNC_FIFO                                          |                                    data_project_bd_axi_dma_0_0_srl_fifo_f__parameterized0 |         22 |         13 |       0 |    9 |    5 |      0 |      0 |            0 |
|                   I_SRL_FIFO_RBU_F                                                |                                data_project_bd_axi_dma_0_0_srl_fifo_rbu_f__parameterized0 |         22 |         13 |       0 |    9 |    5 |      0 |      0 |            0 |
|                     (I_SRL_FIFO_RBU_F)                                            |                                data_project_bd_axi_dma_0_0_srl_fifo_rbu_f__parameterized0 |          0 |          0 |       0 |    0 |    1 |      0 |      0 |            0 |
|                     CNTR_INCR_DECR_ADDN_F_I                                       |                                       data_project_bd_axi_dma_0_0_cntr_incr_decr_addn_f_1 |          6 |          6 |       0 |    0 |    4 |      0 |      0 |            0 |
|                     DYNSHREG_F_I                                                  |                                    data_project_bd_axi_dma_0_0_dynshreg_f__parameterized0 |         16 |          7 |       0 |    9 |    0 |      0 |      0 |            0 |
|               I_WRESP_STATUS_FIFO                                                 |                            data_project_bd_axi_dma_0_0_axi_datamover_fifo__parameterized1 |         17 |         15 |       0 |    2 |    7 |      0 |      0 |            0 |
|                 (I_WRESP_STATUS_FIFO)                                             |                            data_project_bd_axi_dma_0_0_axi_datamover_fifo__parameterized1 |          1 |          1 |       0 |    0 |    2 |      0 |      0 |            0 |
|                 USE_SRL_FIFO.I_SYNC_FIFO                                          |                                                    data_project_bd_axi_dma_0_0_srl_fifo_f |         16 |         14 |       0 |    2 |    5 |      0 |      0 |            0 |
|                   I_SRL_FIFO_RBU_F                                                |                                                data_project_bd_axi_dma_0_0_srl_fifo_rbu_f |         16 |         14 |       0 |    2 |    5 |      0 |      0 |            0 |
|                     (I_SRL_FIFO_RBU_F)                                            |                                                data_project_bd_axi_dma_0_0_srl_fifo_rbu_f |          5 |          5 |       0 |    0 |    1 |      0 |      0 |            0 |
|                     CNTR_INCR_DECR_ADDN_F_I                                       |                                         data_project_bd_axi_dma_0_0_cntr_incr_decr_addn_f |          7 |          7 |       0 |    0 |    4 |      0 |      0 |            0 |
|                     DYNSHREG_F_I                                                  |                                                    data_project_bd_axi_dma_0_0_dynshreg_f |          4 |          2 |       0 |    2 |    0 |      0 |      0 |            0 |
|         I_RST_MODULE                                                              |                                            data_project_bd_axi_dma_0_0_axi_dma_rst_module |          9 |          9 |       0 |    0 |   24 |      0 |      0 |            0 |
|           (I_RST_MODULE)                                                          |                                            data_project_bd_axi_dma_0_0_axi_dma_rst_module |          1 |          1 |       0 |    0 |    1 |      0 |      0 |            0 |
|           GEN_RESET_FOR_S2MM.RESET_I                                              |                                                 data_project_bd_axi_dma_0_0_axi_dma_reset |          8 |          8 |       0 |    0 |   15 |      0 |      0 |            0 |
|           REG_HRD_RST                                                             |                                                      data_project_bd_axi_dma_0_0_cdc_sync |          0 |          0 |       0 |    0 |    4 |      0 |      0 |            0 |
|           REG_HRD_RST_OUT                                                         |                                                    data_project_bd_axi_dma_0_0_cdc_sync_0 |          0 |          0 |       0 |    0 |    4 |      0 |      0 |            0 |
|     axi_interconnect_0                                                            |                                                      data_project_bd_axi_interconnect_0_0 |        386 |        358 |       8 |   20 |  388 |      0 |      0 |            0 |
|       s00_couplers                                                                |                                                                  s00_couplers_imp_1LH21G0 |        386 |        358 |       8 |   20 |  388 |      0 |      0 |            0 |
|         auto_pc                                                                   |                                                                 data_project_bd_auto_pc_0 |        204 |        196 |       8 |    0 |  225 |      0 |      0 |            0 |
|           inst                                                                    |          data_project_bd_auto_pc_0__axi_protocol_converter_v2_1_19_axi_protocol_converter |        204 |        196 |       8 |    0 |  225 |      0 |      0 |            0 |
|             gen_axi4_axi3.axi3_conv_inst                                          |                       data_project_bd_auto_pc_0__axi_protocol_converter_v2_1_19_axi3_conv |        204 |        196 |       8 |    0 |  225 |      0 |      0 |            0 |
|               USE_WRITE.USE_SPLIT_W.write_resp_inst                               |                     data_project_bd_auto_pc_0__axi_protocol_converter_v2_1_19_b_downsizer |          9 |          9 |       0 |    0 |    7 |      0 |      0 |            0 |
|               USE_WRITE.write_addr_inst                                           |                     data_project_bd_auto_pc_0__axi_protocol_converter_v2_1_19_a_axi3_conv |        180 |        172 |       8 |    0 |  209 |      0 |      0 |            0 |
|                 (USE_WRITE.write_addr_inst)                                       |                     data_project_bd_auto_pc_0__axi_protocol_converter_v2_1_19_a_axi3_conv |         80 |         80 |       0 |    0 |  119 |      0 |      0 |            0 |
|                 USE_BURSTS.cmd_queue                                              |                     data_project_bd_auto_pc_0__axi_data_fifo_v2_1_18_axic_fifo__xdcDup__1 |         52 |         48 |       4 |    0 |   44 |      0 |      0 |            0 |
|                   inst                                                            |                      data_project_bd_auto_pc_0__axi_data_fifo_v2_1_18_fifo_gen__xdcDup__1 |         52 |         48 |       4 |    0 |   44 |      0 |      0 |            0 |
|                     (inst)                                                        |                      data_project_bd_auto_pc_0__axi_data_fifo_v2_1_18_fifo_gen__xdcDup__1 |         22 |         22 |       0 |    0 |    0 |      0 |      0 |            0 |
|                     fifo_gen_inst                                                 |                              data_project_bd_auto_pc_0__fifo_generator_v13_2_4__xdcDup__1 |         30 |         26 |       4 |    0 |   44 |      0 |      0 |            0 |
|                       inst_fifo_gen                                               |                        data_project_bd_auto_pc_0__fifo_generator_v13_2_4_synth__xdcDup__1 |         30 |         26 |       4 |    0 |   44 |      0 |      0 |            0 |
|                         gconvfifo.rf                                              |                                  data_project_bd_auto_pc_0__fifo_generator_top__xdcDup__1 |         30 |         26 |       4 |    0 |   44 |      0 |      0 |            0 |
|                           grf.rf                                                  |                              data_project_bd_auto_pc_0__fifo_generator_ramfifo__xdcDup__1 |         30 |         26 |       4 |    0 |   44 |      0 |      0 |            0 |
|                             gntv_or_sync_fifo.gl0.rd                              |                                                     data_project_bd_auto_pc_0__rd_logic_0 |         10 |         10 |       0 |    0 |   20 |      0 |      0 |            0 |
|                               gr1.gr1_int.rfwft                                   |                                                      data_project_bd_auto_pc_0__rd_fwft_6 |          7 |          7 |       0 |    0 |    8 |      0 |      0 |            0 |
|                               grss.rsts                                           |                                           data_project_bd_auto_pc_0__rd_status_flags_ss_7 |          0 |          0 |       0 |    0 |    2 |      0 |      0 |            0 |
|                               rpntr                                               |                                                  data_project_bd_auto_pc_0__rd_bin_cntr_8 |          3 |          3 |       0 |    0 |   10 |      0 |      0 |            0 |
|                             gntv_or_sync_fifo.gl0.wr                              |                                                     data_project_bd_auto_pc_0__wr_logic_1 |         14 |         14 |       0 |    0 |   12 |      0 |      0 |            0 |
|                               gwss.wsts                                           |                                           data_project_bd_auto_pc_0__wr_status_flags_ss_4 |          3 |          3 |       0 |    0 |    2 |      0 |      0 |            0 |
|                               wpntr                                               |                                                  data_project_bd_auto_pc_0__wr_bin_cntr_5 |         11 |         11 |       0 |    0 |   10 |      0 |      0 |            0 |
|                             gntv_or_sync_fifo.mem                                 |                                                       data_project_bd_auto_pc_0__memory_2 |          4 |          0 |       4 |    0 |    8 |      0 |      0 |            0 |
|                               (gntv_or_sync_fifo.mem)                             |                                                       data_project_bd_auto_pc_0__memory_2 |          0 |          0 |       0 |    0 |    4 |      0 |      0 |            0 |
|                               gdm.dm_gen.dm                                       |                                                         data_project_bd_auto_pc_0__dmem_3 |          4 |          0 |       4 |    0 |    4 |      0 |      0 |            0 |
|                             rstblk                                                |                                   data_project_bd_auto_pc_0__reset_blk_ramfifo__xdcDup__1 |          2 |          2 |       0 |    0 |    4 |      0 |      0 |            0 |
|                               (rstblk)                                            |                                   data_project_bd_auto_pc_0__reset_blk_ramfifo__xdcDup__1 |          2 |          2 |       0 |    0 |    2 |      0 |      0 |            0 |
|                               ngwrdrst.grst.g7serrst.gnsckt_wrst.rst_wr_reg2_inst |                                           data_project_bd_auto_pc_0__xpm_cdc_async_rst__2 |          0 |          0 |       0 |    0 |    2 |      0 |      0 |            0 |
|                 USE_B_CHANNEL.cmd_b_queue                                         |                                data_project_bd_auto_pc_0__axi_data_fifo_v2_1_18_axic_fifo |         48 |         44 |       4 |    0 |   46 |      0 |      0 |            0 |
|                   inst                                                            |                                 data_project_bd_auto_pc_0__axi_data_fifo_v2_1_18_fifo_gen |         48 |         44 |       4 |    0 |   46 |      0 |      0 |            0 |
|                     (inst)                                                        |                                 data_project_bd_auto_pc_0__axi_data_fifo_v2_1_18_fifo_gen |         18 |         18 |       0 |    0 |    0 |      0 |      0 |            0 |
|                     fifo_gen_inst                                                 |                                         data_project_bd_auto_pc_0__fifo_generator_v13_2_4 |         30 |         26 |       4 |    0 |   46 |      0 |      0 |            0 |
|                       inst_fifo_gen                                               |                                   data_project_bd_auto_pc_0__fifo_generator_v13_2_4_synth |         30 |         26 |       4 |    0 |   46 |      0 |      0 |            0 |
|                         gconvfifo.rf                                              |                                             data_project_bd_auto_pc_0__fifo_generator_top |         30 |         26 |       4 |    0 |   46 |      0 |      0 |            0 |
|                           grf.rf                                                  |                                         data_project_bd_auto_pc_0__fifo_generator_ramfifo |         30 |         26 |       4 |    0 |   46 |      0 |      0 |            0 |
|                             gntv_or_sync_fifo.gl0.rd                              |                                                       data_project_bd_auto_pc_0__rd_logic |         10 |         10 |       0 |    0 |   20 |      0 |      0 |            0 |
|                               gr1.gr1_int.rfwft                                   |                                                        data_project_bd_auto_pc_0__rd_fwft |          7 |          7 |       0 |    0 |    8 |      0 |      0 |            0 |
|                               grss.rsts                                           |                                             data_project_bd_auto_pc_0__rd_status_flags_ss |          0 |          0 |       0 |    0 |    2 |      0 |      0 |            0 |
|                               rpntr                                               |                                                    data_project_bd_auto_pc_0__rd_bin_cntr |          3 |          3 |       0 |    0 |   10 |      0 |      0 |            0 |
|                             gntv_or_sync_fifo.gl0.wr                              |                                                       data_project_bd_auto_pc_0__wr_logic |         14 |         14 |       0 |    0 |   12 |      0 |      0 |            0 |
|                               gwss.wsts                                           |                                             data_project_bd_auto_pc_0__wr_status_flags_ss |          3 |          3 |       0 |    0 |    2 |      0 |      0 |            0 |
|                               wpntr                                               |                                                    data_project_bd_auto_pc_0__wr_bin_cntr |         11 |         11 |       0 |    0 |   10 |      0 |      0 |            0 |
|                             gntv_or_sync_fifo.mem                                 |                                                         data_project_bd_auto_pc_0__memory |          4 |          0 |       4 |    0 |   10 |      0 |      0 |            0 |
|                               (gntv_or_sync_fifo.mem)                             |                                                         data_project_bd_auto_pc_0__memory |          0 |          0 |       0 |    0 |    5 |      0 |      0 |            0 |
|                               gdm.dm_gen.dm                                       |                                                           data_project_bd_auto_pc_0__dmem |          4 |          0 |       4 |    0 |    5 |      0 |      0 |            0 |
|                             rstblk                                                |                                              data_project_bd_auto_pc_0__reset_blk_ramfifo |          2 |          2 |       0 |    0 |    4 |      0 |      0 |            0 |
|                               (rstblk)                                            |                                              data_project_bd_auto_pc_0__reset_blk_ramfifo |          2 |          2 |       0 |    0 |    2 |      0 |      0 |            0 |
|                               ngwrdrst.grst.g7serrst.gnsckt_wrst.rst_wr_reg2_inst |                                              data_project_bd_auto_pc_0__xpm_cdc_async_rst |          0 |          0 |       0 |    0 |    2 |      0 |      0 |            0 |
|               USE_WRITE.write_data_inst                                           |                     data_project_bd_auto_pc_0__axi_protocol_converter_v2_1_19_w_axi3_conv |         15 |         15 |       0 |    0 |    9 |      0 |      0 |            0 |
|         auto_us                                                                   |                                                                 data_project_bd_auto_us_0 |        182 |        162 |       0 |   20 |  163 |      0 |      0 |            0 |
|           inst                                                                    |                               data_project_bd_auto_us_0__axi_dwidth_converter_v2_1_19_top |        182 |        162 |       0 |   20 |  163 |      0 |      0 |            0 |
|             gen_upsizer.gen_full_upsizer.axi_upsizer_inst                         |                       data_project_bd_auto_us_0__axi_dwidth_converter_v2_1_19_axi_upsizer |        182 |        162 |       0 |   20 |  163 |      0 |      0 |            0 |
|               USE_WRITE.gen_non_fifo_w_upsizer.write_data_inst                    |                         data_project_bd_auto_us_0__axi_dwidth_converter_v2_1_19_w_upsizer |         97 |         97 |       0 |    0 |   90 |      0 |      0 |            0 |
|               USE_WRITE.write_addr_inst                                           |                         data_project_bd_auto_us_0__axi_dwidth_converter_v2_1_19_a_upsizer |         55 |         35 |       0 |   20 |   29 |      0 |      0 |            0 |
|                 (USE_WRITE.write_addr_inst)                                       |                         data_project_bd_auto_us_0__axi_dwidth_converter_v2_1_19_a_upsizer |          0 |          0 |       0 |    0 |    1 |      0 |      0 |            0 |
|                 GEN_CMD_QUEUE.cmd_queue                                           |                         data_project_bd_auto_us_0__generic_baseblocks_v2_1_0_command_fifo |         55 |         35 |       0 |   20 |   28 |      0 |      0 |            0 |
|               si_register_slice_inst                                              |                  data_project_bd_auto_us_0__axi_register_slice_v2_1_19_axi_register_slice |         31 |         31 |       0 |    0 |   44 |      0 |      0 |            0 |
|                 aw.aw_pipe                                                        |                 data_project_bd_auto_us_0__axi_register_slice_v2_1_19_axic_register_slice |         31 |         31 |       0 |    0 |   44 |      0 |      0 |            0 |
|     axi_interconnect_ctrl                                                         |                                                      data_project_bd_axi_interconnect_1_0 |        368 |        309 |       0 |   59 |  448 |      0 |      0 |            0 |
|       s00_couplers                                                                |                                                                  s00_couplers_imp_1QOQPGR |        368 |        309 |       0 |   59 |  448 |      0 |      0 |            0 |
|         auto_pc                                                                   |                                                                 data_project_bd_auto_pc_1 |        368 |        309 |       0 |   59 |  448 |      0 |      0 |            0 |
|           inst                                                                    |          data_project_bd_auto_pc_1__axi_protocol_converter_v2_1_19_axi_protocol_converter |        368 |        309 |       0 |   59 |  448 |      0 |      0 |            0 |
|             gen_axilite.gen_b2s_conv.axilite_b2s                                  |                             data_project_bd_auto_pc_1__axi_protocol_converter_v2_1_19_b2s |        368 |        309 |       0 |   59 |  448 |      0 |      0 |            0 |
|               (gen_axilite.gen_b2s_conv.axilite_b2s)                              |                             data_project_bd_auto_pc_1__axi_protocol_converter_v2_1_19_b2s |          1 |          1 |       0 |    0 |    1 |      0 |      0 |            0 |
|               RD.ar_channel_0                                                     |                  data_project_bd_auto_pc_1__axi_protocol_converter_v2_1_19_b2s_ar_channel |         77 |         77 |       0 |    0 |   83 |      0 |      0 |            0 |
|                 (RD.ar_channel_0)                                                 |                  data_project_bd_auto_pc_1__axi_protocol_converter_v2_1_19_b2s_ar_channel |          0 |          0 |       0 |    0 |   12 |      0 |      0 |            0 |
|                 ar_cmd_fsm_0                                                      |                  data_project_bd_auto_pc_1__axi_protocol_converter_v2_1_19_b2s_rd_cmd_fsm |         22 |         22 |       0 |    0 |    2 |      0 |      0 |            0 |
|                 cmd_translator_0                                                  |            data_project_bd_auto_pc_1__axi_protocol_converter_v2_1_19_b2s_cmd_translator_1 |         55 |         55 |       0 |    0 |   69 |      0 |      0 |            0 |
|                   (cmd_translator_0)                                              |            data_project_bd_auto_pc_1__axi_protocol_converter_v2_1_19_b2s_cmd_translator_1 |          1 |          1 |       0 |    0 |    3 |      0 |      0 |            0 |
|                   incr_cmd_0                                                      |                  data_project_bd_auto_pc_1__axi_protocol_converter_v2_1_19_b2s_incr_cmd_2 |         39 |         39 |       0 |    0 |   23 |      0 |      0 |            0 |
|                   wrap_cmd_0                                                      |                  data_project_bd_auto_pc_1__axi_protocol_converter_v2_1_19_b2s_wrap_cmd_3 |         15 |         15 |       0 |    0 |   43 |      0 |      0 |            0 |
|               RD.r_channel_0                                                      |                   data_project_bd_auto_pc_1__axi_protocol_converter_v2_1_19_b2s_r_channel |         61 |         16 |       0 |   45 |   24 |      0 |      0 |            0 |
|                 (RD.r_channel_0)                                                  |                   data_project_bd_auto_pc_1__axi_protocol_converter_v2_1_19_b2s_r_channel |          0 |          0 |       0 |    0 |   14 |      0 |      0 |            0 |
|                 rd_data_fifo_0                                                    | data_project_bd_auto_pc_1__axi_protocol_converter_v2_1_19_b2s_simple_fifo__parameterized1 |         39 |          7 |       0 |   32 |    5 |      0 |      0 |            0 |
|                 transaction_fifo_0                                                | data_project_bd_auto_pc_1__axi_protocol_converter_v2_1_19_b2s_simple_fifo__parameterized2 |         22 |          9 |       0 |   13 |    5 |      0 |      0 |            0 |
|               SI_REG                                                              |                  data_project_bd_auto_pc_1__axi_register_slice_v2_1_19_axi_register_slice |        131 |        131 |       0 |    0 |  248 |      0 |      0 |            0 |
|                 ar.ar_pipe                                                        |                 data_project_bd_auto_pc_1__axi_register_slice_v2_1_19_axic_register_slice |         46 |         46 |       0 |    0 |   67 |      0 |      0 |            0 |
|                 aw.aw_pipe                                                        |               data_project_bd_auto_pc_1__axi_register_slice_v2_1_19_axic_register_slice_0 |         48 |         48 |       0 |    0 |   59 |      0 |      0 |            0 |
|                 b.b_pipe                                                          | data_project_bd_auto_pc_1__axi_register_slice_v2_1_19_axic_register_slice__parameterized1 |         10 |         10 |       0 |    0 |   30 |      0 |      0 |            0 |
|                 r.r_pipe                                                          | data_project_bd_auto_pc_1__axi_register_slice_v2_1_19_axic_register_slice__parameterized2 |         27 |         27 |       0 |    0 |   92 |      0 |      0 |            0 |
|               WR.aw_channel_0                                                     |                  data_project_bd_auto_pc_1__axi_protocol_converter_v2_1_19_b2s_aw_channel |         68 |         68 |       0 |    0 |   75 |      0 |      0 |            0 |
|                 (WR.aw_channel_0)                                                 |                  data_project_bd_auto_pc_1__axi_protocol_converter_v2_1_19_b2s_aw_channel |          0 |          0 |       0 |    0 |   16 |      0 |      0 |            0 |
|                 aw_cmd_fsm_0                                                      |                  data_project_bd_auto_pc_1__axi_protocol_converter_v2_1_19_b2s_wr_cmd_fsm |         11 |         11 |       0 |    0 |    2 |      0 |      0 |            0 |
|                 cmd_translator_0                                                  |              data_project_bd_auto_pc_1__axi_protocol_converter_v2_1_19_b2s_cmd_translator |         57 |         57 |       0 |    0 |   57 |      0 |      0 |            0 |
|                   (cmd_translator_0)                                              |              data_project_bd_auto_pc_1__axi_protocol_converter_v2_1_19_b2s_cmd_translator |          1 |          1 |       0 |    0 |    3 |      0 |      0 |            0 |
|                   incr_cmd_0                                                      |                    data_project_bd_auto_pc_1__axi_protocol_converter_v2_1_19_b2s_incr_cmd |         35 |         35 |       0 |    0 |   19 |      0 |      0 |            0 |
|                   wrap_cmd_0                                                      |                    data_project_bd_auto_pc_1__axi_protocol_converter_v2_1_19_b2s_wrap_cmd |         21 |         21 |       0 |    0 |   35 |      0 |      0 |            0 |
|               WR.b_channel_0                                                      |                   data_project_bd_auto_pc_1__axi_protocol_converter_v2_1_19_b2s_b_channel |         33 |         19 |       0 |   14 |   17 |      0 |      0 |            0 |
|                 (WR.b_channel_0)                                                  |                   data_project_bd_auto_pc_1__axi_protocol_converter_v2_1_19_b2s_b_channel |          9 |          9 |       0 |    0 |   13 |      0 |      0 |            0 |
|                 bid_fifo_0                                                        |                 data_project_bd_auto_pc_1__axi_protocol_converter_v2_1_19_b2s_simple_fifo |         19 |          7 |       0 |   12 |    2 |      0 |      0 |            0 |
|                 bresp_fifo_0                                                      | data_project_bd_auto_pc_1__axi_protocol_converter_v2_1_19_b2s_simple_fifo__parameterized0 |          5 |          3 |       0 |    2 |    2 |      0 |      0 |            0 |
|     axi_stream_master_0                                                           |                                                     data_project_bd_axi_stream_master_0_0 |         42 |         42 |       0 |    0 |   76 |      0 |      0 |            0 |
|       inst                                                                        |                                   data_project_bd_axi_stream_master_0_0_axi_stream_master |         42 |         42 |       0 |    0 |   76 |      0 |      0 |            0 |
|     data_generator_0                                                              |                                                        data_project_bd_data_generator_0_0 |         11 |         11 |       0 |    0 |    8 |      0 |      0 |            0 |
|       inst                                                                        |                                         data_project_bd_data_generator_0_0_data_generator |         11 |         11 |       0 |    0 |    8 |      0 |      0 |            0 |
|     packet_builder_FSM_0                                                          |                                                    data_project_bd_packet_builder_FSM_0_0 |         62 |         62 |       0 |    0 |   75 |      0 |      0 |            0 |
|       inst                                                                        |                                 data_project_bd_packet_builder_FSM_0_0_packet_builder_FSM |         62 |         62 |       0 |    0 |   75 |      0 |      0 |            0 |
|     proc_sys_reset_0                                                              |                                                        data_project_bd_proc_sys_reset_0_0 |         16 |         15 |       0 |    1 |   34 |      0 |      0 |            0 |
|       U0                                                                          |                                         data_project_bd_proc_sys_reset_0_0_proc_sys_reset |         16 |         15 |       0 |    1 |   34 |      0 |      0 |            0 |
|         (U0)                                                                      |                                         data_project_bd_proc_sys_reset_0_0_proc_sys_reset |          0 |          0 |       0 |    0 |    2 |      0 |      0 |            0 |
|         EXT_LPF                                                                   |                                                    data_project_bd_proc_sys_reset_0_0_lpf |          5 |          4 |       0 |    1 |   17 |      0 |      0 |            0 |
|           (EXT_LPF)                                                               |                                                    data_project_bd_proc_sys_reset_0_0_lpf |          2 |          1 |       0 |    1 |    9 |      0 |      0 |            0 |
|           ACTIVE_LOW_AUX.ACT_LO_AUX                                               |                                               data_project_bd_proc_sys_reset_0_0_cdc_sync |          1 |          1 |       0 |    0 |    4 |      0 |      0 |            0 |
|           ACTIVE_LOW_EXT.ACT_LO_EXT                                               |                                             data_project_bd_proc_sys_reset_0_0_cdc_sync_0 |          2 |          2 |       0 |    0 |    4 |      0 |      0 |            0 |
|         SEQ                                                                       |                                           data_project_bd_proc_sys_reset_0_0_sequence_psr |         11 |         11 |       0 |    0 |   15 |      0 |      0 |            0 |
|           (SEQ)                                                                   |                                           data_project_bd_proc_sys_reset_0_0_sequence_psr |          6 |          6 |       0 |    0 |    9 |      0 |      0 |            0 |
|           SEQ_COUNTER                                                             |                                                data_project_bd_proc_sys_reset_0_0_upcnt_n |          5 |          5 |       0 |    0 |    6 |      0 |      0 |            0 |
|     processing_system7_0                                                          |                                                    data_project_bd_processing_system7_0_0 |          0 |          0 |       0 |    0 |    0 |      0 |      0 |            0 |
|       (processing_system7_0)                                                      |                                                    data_project_bd_processing_system7_0_0 |          0 |          0 |       0 |    0 |    0 |      0 |      0 |            0 |
|       inst                                                                        |         data_project_bd_processing_system7_0_0_processing_system7_v5_5_processing_system7 |          0 |          0 |       0 |    0 |    0 |      0 |      0 |            0 |
|     sync_fifo_0                                                                   |                                                             data_project_bd_sync_fifo_0_0 |         38 |         14 |      24 |    0 |   45 |      0 |      0 |            0 |
|       inst                                                                        |                                                   data_project_bd_sync_fifo_0_0_sync_fifo |         38 |         14 |      24 |    0 |   45 |      0 |      0 |            0 |
+-----------------------------------------------------------------------------------+-------------------------------------------------------------------------------------------+------------+------------+---------+------+------+--------+--------+--------------+
* Note: The sum of lower-level cells may be larger than their parent cells total, due to cross-hierarchy LUT combining


